src/lib/telegram.ts(1,25): error TS7016: Could not find a declaration file for module 'node-telegram-bot-api'. 'F:/Projects/AI Market Analyst Agent/node_modules/node-telegram-bot-api/index.js' implicitly has an 'any' type.
  Try `npm i --save-dev @types/node-telegram-bot-api` if it exists or add a new declaration (.d.ts) file containing `declare module 'node-telegram-bot-api';`
